UTC_mode|0
cylc_version|<SOME-VERSION>
final_point|1
initial_point|1
run_mode|live
